#! /c/Source/iverilog-install/bin/vvp
:ivl_version "12.0 (devel)" "(s20150603-1539-g2693dd32b)";
:ivl_delay_selection "TYPICAL";
:vpi_time_precision - 12;
:vpi_module "C:\iverilog\lib\ivl\system.vpi";
:vpi_module "C:\iverilog\lib\ivl\vhdl_sys.vpi";
:vpi_module "C:\iverilog\lib\ivl\vhdl_textio.vpi";
:vpi_module "C:\iverilog\lib\ivl\v2005_math.vpi";
:vpi_module "C:\iverilog\lib\ivl\va_math.vpi";
S_000001a86d61d500 .scope module, "mips_simulation_tb" "mips_simulation_tb" 2 6;
 .timescale -9 -12;
v000001a86d64daf0_0 .var "clk", 0 0;
v000001a86d64db90_0 .var "rst", 0 0;
S_000001a86d5cf8a0 .scope module, "uut" "mips_pipelined_processor" 2 15, 3 17 0, S_000001a86d61d500;
 .timescale 0 0;
    .port_info 0 /INPUT 1 "clk";
    .port_info 1 /INPUT 1 "rst";
L_000001a86d5f9550 .functor AND 1, v000001a86d603490_0, v000001a86d647b10_0, C4<1>, C4<1>;
v000001a86d64b220_0 .net "ALUInputA", 31 0, L_000001a86d6da6f0;  1 drivers
v000001a86d64a780_0 .net "ALUInputB", 31 0, L_000001a86d6d9c50;  1 drivers
v000001a86d64a3c0_0 .net "ALUOp_EX", 1 0, v000001a86d646210_0;  1 drivers
v000001a86d64a500_0 .net "ALUOp_ID", 1 0, L_000001a86d6dadd0;  1 drivers
v000001a86d64a140_0 .net "ALUResult_EX", 31 0, v000001a86d60c210_0;  1 drivers
v000001a86d64b5e0_0 .net "ALUResult_MEM", 31 0, v000001a86d60b810_0;  1 drivers
v000001a86d64a8c0_0 .net "ALUResult_WB", 31 0, v000001a86d6481d0_0;  1 drivers
v000001a86d64b040_0 .net "ALUSrc_EX", 0 0, v000001a86d6462b0_0;  1 drivers
v000001a86d64b680_0 .net "ALUSrc_ID", 0 0, v000001a86d60aaf0_0;  1 drivers
v000001a86d64a1e0_0 .net "Branch_ID", 0 0, v000001a86d60a370_0;  1 drivers
v000001a86d64af00_0 .net "Branch_MEM", 0 0, v000001a86d603490_0;  1 drivers
v000001a86d64a280_0 .net "ForwardA", 1 0, v000001a86d6479d0_0;  1 drivers
v000001a86d64a960_0 .net "ForwardB", 1 0, v000001a86d645f90_0;  1 drivers
v000001a86d64b720_0 .net "ID_EX_Flush", 0 0, v000001a86d6468f0_0;  1 drivers
v000001a86d64a320_0 .net "IF_ID_Write", 0 0, v000001a86d647110_0;  1 drivers
v000001a86d64aaa0_0 .net "Instruction_ID", 31 0, v000001a86d648bd0_0;  1 drivers
v000001a86d64ab40_0 .net "Instruction_IF", 31 0, L_000001a86d5f9be0;  1 drivers
v000001a86d64abe0_0 .net "Jump_ID", 0 0, v000001a86d60a5f0_0;  1 drivers
v000001a86d64bd60_0 .net "MemRead_EX", 0 0, v000001a86d6465d0_0;  1 drivers
v000001a86d64ae60_0 .net "MemRead_ID", 0 0, v000001a86d60bdb0_0;  1 drivers
v000001a86d64a640_0 .net "MemRead_MEM", 0 0, v000001a86d6038f0_0;  1 drivers
v000001a86d64ac80_0 .net "MemWrite_EX", 0 0, v000001a86d646670_0;  1 drivers
v000001a86d64b860_0 .net "MemWrite_ID", 0 0, v000001a86d60a4b0_0;  1 drivers
v000001a86d64b7c0_0 .net "MemWrite_MEM", 0 0, v000001a86d6471b0_0;  1 drivers
v000001a86d64b360_0 .net "MemtoReg_EX", 0 0, v000001a86d646850_0;  1 drivers
v000001a86d64bc20_0 .net "MemtoReg_ID", 0 0, v000001a86d60ae10_0;  1 drivers
v000001a86d64bb80_0 .net "MemtoReg_MEM", 0 0, v000001a86d646d50_0;  1 drivers
v000001a86d64adc0_0 .net "MemtoReg_WB", 0 0, v000001a86d648590_0;  1 drivers
v000001a86d64b900_0 .net "PCSrc", 0 0, L_000001a86d5f9550;  1 drivers
v000001a86d64b180_0 .net "PCWrite", 0 0, v000001a86d647390_0;  1 drivers
v000001a86d64b2c0_0 .net "PC_EX", 31 0, v000001a86d6488b0_0;  1 drivers
v000001a86d64ba40_0 .net "PC_ID", 31 0, v000001a86d6493f0_0;  1 drivers
v000001a86d64b4a0_0 .net "PC_IF", 31 0, v000001a86d649c10_0;  1 drivers
v000001a86d64b540_0 .net "PC_Next", 31 0, L_000001a86d64c470;  1 drivers
v000001a86d64b9a0_0 .net "PC_Plus4_IF", 31 0, L_000001a86d64dc30;  1 drivers
v000001a86d64a000_0 .net "Rd_EX", 4 0, v000001a86d649350_0;  1 drivers
v000001a86d64bae0_0 .net "ReadData1_EX", 31 0, v000001a86d648e50_0;  1 drivers
v000001a86d64a460_0 .net "ReadData1_ID", 31 0, L_000001a86d5f9cc0;  1 drivers
v000001a86d64be00_0 .net "ReadData2_EX", 31 0, v000001a86d649cb0_0;  1 drivers
v000001a86d64bea0_0 .net "ReadData2_ID", 31 0, L_000001a86d5f9da0;  1 drivers
v000001a86d64c510_0 .net "ReadData_MEM", 31 0, L_000001a86d6d9930;  1 drivers
v000001a86d64c650_0 .net "ReadData_WB", 31 0, v000001a86d648c70_0;  1 drivers
v000001a86d64c6f0_0 .net "RegDst_EX", 0 0, v000001a86d648f90_0;  1 drivers
v000001a86d64cbf0_0 .net "RegDst_ID", 0 0, v000001a86d60b590_0;  1 drivers
v000001a86d64d410_0 .net "RegWrite_EX", 0 0, v000001a86d648ef0_0;  1 drivers
v000001a86d64c5b0_0 .net "RegWrite_ID", 0 0, v000001a86d60bef0_0;  1 drivers
v000001a86d64d7d0_0 .net "RegWrite_MEM", 0 0, v000001a86d647750_0;  1 drivers
v000001a86d64c790_0 .net "RegWrite_WB", 0 0, v000001a86d649530_0;  1 drivers
v000001a86d64c0b0_0 .net "Rs_EX", 4 0, v000001a86d6490d0_0;  1 drivers
v000001a86d64c290_0 .net "Rt_EX", 4 0, v000001a86d648a90_0;  1 drivers
v000001a86d64cf10_0 .net "SignExtended_EX", 31 0, v000001a86d6486d0_0;  1 drivers
v000001a86d64c830_0 .net "SignExtended_ID", 31 0, L_000001a86d6d94d0;  1 drivers
v000001a86d64d690_0 .net "StoreData_MEM", 31 0, v000001a86d645e50_0;  1 drivers
v000001a86d64d730_0 .net "WriteData_WB", 31 0, L_000001a86d6d9390;  1 drivers
v000001a86d64d050_0 .net "WriteReg_EX", 4 0, L_000001a86d6da8d0;  1 drivers
v000001a86d64dcd0_0 .net "WriteReg_MEM", 4 0, v000001a86d646df0_0;  1 drivers
v000001a86d64c1f0_0 .net "WriteReg_WB", 4 0, v000001a86d649670_0;  1 drivers
v000001a86d64c8d0_0 .net "Zero_EX", 0 0, L_000001a86d6da470;  1 drivers
v000001a86d64cfb0_0 .net "Zero_MEM", 0 0, v000001a86d647b10_0;  1 drivers
L_000001a86d6810a8 .functor BUFT 1, C4<00000000000000000000000000000100>, C4<0>, C4<0>, C4<0>;
v000001a86d64d370_0 .net/2u *"_ivl_0", 31 0, L_000001a86d6810a8;  1 drivers
v000001a86d64d2d0_0 .net *"_ivl_20", 0 0, L_000001a86d6da650;  1 drivers
v000001a86d64d5f0_0 .net *"_ivl_21", 15 0, L_000001a86d6da1f0;  1 drivers
v000001a86d64c970_0 .net *"_ivl_24", 15 0, L_000001a86d6daab0;  1 drivers
L_000001a86d6811c8 .functor BUFT 1, C4<10>, C4<0>, C4<0>, C4<0>;
v000001a86d64c010_0 .net/2u *"_ivl_33", 1 0, L_000001a86d6811c8;  1 drivers
v000001a86d64d4b0_0 .net *"_ivl_35", 0 0, L_000001a86d6d9750;  1 drivers
L_000001a86d681210 .functor BUFT 1, C4<01>, C4<0>, C4<0>, C4<0>;
v000001a86d64d0f0_0 .net/2u *"_ivl_37", 1 0, L_000001a86d681210;  1 drivers
v000001a86d64d190_0 .net *"_ivl_39", 0 0, L_000001a86d6dabf0;  1 drivers
v000001a86d64ca10_0 .net *"_ivl_41", 31 0, L_000001a86d6da330;  1 drivers
L_000001a86d681258 .functor BUFT 1, C4<10>, C4<0>, C4<0>, C4<0>;
v000001a86d64d870_0 .net/2u *"_ivl_45", 1 0, L_000001a86d681258;  1 drivers
v000001a86d64c330_0 .net *"_ivl_47", 0 0, L_000001a86d6daf10;  1 drivers
L_000001a86d6812a0 .functor BUFT 1, C4<01>, C4<0>, C4<0>, C4<0>;
v000001a86d64d550_0 .net/2u *"_ivl_49", 1 0, L_000001a86d6812a0;  1 drivers
v000001a86d64cb50_0 .net *"_ivl_51", 0 0, L_000001a86d6d9430;  1 drivers
v000001a86d64cab0_0 .net *"_ivl_53", 31 0, L_000001a86d6d9250;  1 drivers
L_000001a86d6812e8 .functor BUFT 1, C4<10>, C4<0>, C4<0>, C4<0>;
v000001a86d64deb0_0 .net/2u *"_ivl_59", 1 0, L_000001a86d6812e8;  1 drivers
v000001a86d64cc90_0 .net *"_ivl_61", 0 0, L_000001a86d6da790;  1 drivers
L_000001a86d681330 .functor BUFT 1, C4<0010>, C4<0>, C4<0>, C4<0>;
v000001a86d64cd30_0 .net/2u *"_ivl_63", 3 0, L_000001a86d681330;  1 drivers
L_000001a86d681378 .functor BUFT 1, C4<01>, C4<0>, C4<0>, C4<0>;
v000001a86d64cdd0_0 .net/2u *"_ivl_65", 1 0, L_000001a86d681378;  1 drivers
v000001a86d64d910_0 .net *"_ivl_67", 0 0, L_000001a86d6d97f0;  1 drivers
L_000001a86d6813c0 .functor BUFT 1, C4<0110>, C4<0>, C4<0>, C4<0>;
v000001a86d64dd70_0 .net/2u *"_ivl_69", 3 0, L_000001a86d6813c0;  1 drivers
L_000001a86d681408 .functor BUFT 1, C4<0010>, C4<0>, C4<0>, C4<0>;
v000001a86d64c150_0 .net/2u *"_ivl_71", 3 0, L_000001a86d681408;  1 drivers
v000001a86d64d9b0_0 .net *"_ivl_73", 3 0, L_000001a86d6d9570;  1 drivers
v000001a86d64ce70_0 .net "alu_ctrl_EX", 3 0, L_000001a86d6da3d0;  1 drivers
v000001a86d64d230_0 .net "alu_op_b_mux", 31 0, L_000001a86d6dafb0;  1 drivers
v000001a86d64c3d0_0 .net "clk", 0 0, v000001a86d64daf0_0;  1 drivers
v000001a86d64da50_0 .net "rst", 0 0, v000001a86d64db90_0;  1 drivers
L_000001a86d64dc30 .arith/sum 32, v000001a86d649c10_0, L_000001a86d6810a8;
L_000001a86d64c470 .functor MUXZ 32, L_000001a86d64dc30, v000001a86d60b810_0, L_000001a86d5f9550, C4<>;
L_000001a86d6da510 .part v000001a86d648bd0_0, 26, 6;
L_000001a86d6dadd0 .concat8 [ 1 1 0 0], v000001a86d60a9b0_0, v000001a86d60aa50_0;
L_000001a86d6dac90 .part v000001a86d648bd0_0, 21, 5;
L_000001a86d6d9cf0 .part v000001a86d648bd0_0, 16, 5;
L_000001a86d6da650 .part v000001a86d648bd0_0, 15, 1;
LS_000001a86d6da1f0_0_0 .concat [ 1 1 1 1], L_000001a86d6da650, L_000001a86d6da650, L_000001a86d6da650, L_000001a86d6da650;
LS_000001a86d6da1f0_0_4 .concat [ 1 1 1 1], L_000001a86d6da650, L_000001a86d6da650, L_000001a86d6da650, L_000001a86d6da650;
LS_000001a86d6da1f0_0_8 .concat [ 1 1 1 1], L_000001a86d6da650, L_000001a86d6da650, L_000001a86d6da650, L_000001a86d6da650;
LS_000001a86d6da1f0_0_12 .concat [ 1 1 1 1], L_000001a86d6da650, L_000001a86d6da650, L_000001a86d6da650, L_000001a86d6da650;
L_000001a86d6da1f0 .concat [ 4 4 4 4], LS_000001a86d6da1f0_0_0, LS_000001a86d6da1f0_0_4, LS_000001a86d6da1f0_0_8, LS_000001a86d6da1f0_0_12;
L_000001a86d6daab0 .part v000001a86d648bd0_0, 0, 16;
L_000001a86d6d94d0 .concat [ 16 16 0 0], L_000001a86d6daab0, L_000001a86d6da1f0;
L_000001a86d6dab50 .part v000001a86d648bd0_0, 21, 5;
L_000001a86d6dae70 .part v000001a86d648bd0_0, 16, 5;
L_000001a86d6d9bb0 .part v000001a86d648bd0_0, 11, 5;
L_000001a86d6d9750 .cmp/eq 2, v000001a86d6479d0_0, L_000001a86d6811c8;
L_000001a86d6dabf0 .cmp/eq 2, v000001a86d6479d0_0, L_000001a86d681210;
L_000001a86d6da330 .functor MUXZ 32, v000001a86d648e50_0, v000001a86d60b810_0, L_000001a86d6dabf0, C4<>;
L_000001a86d6da6f0 .functor MUXZ 32, L_000001a86d6da330, L_000001a86d6d9390, L_000001a86d6d9750, C4<>;
L_000001a86d6daf10 .cmp/eq 2, v000001a86d645f90_0, L_000001a86d681258;
L_000001a86d6d9430 .cmp/eq 2, v000001a86d645f90_0, L_000001a86d6812a0;
L_000001a86d6d9250 .functor MUXZ 32, v000001a86d649cb0_0, v000001a86d60b810_0, L_000001a86d6d9430, C4<>;
L_000001a86d6d9c50 .functor MUXZ 32, L_000001a86d6d9250, L_000001a86d6d9390, L_000001a86d6daf10, C4<>;
L_000001a86d6dafb0 .functor MUXZ 32, L_000001a86d6d9c50, v000001a86d6486d0_0, v000001a86d6462b0_0, C4<>;
L_000001a86d6da790 .cmp/eq 2, v000001a86d646210_0, L_000001a86d6812e8;
L_000001a86d6d97f0 .cmp/eq 2, v000001a86d646210_0, L_000001a86d681378;
L_000001a86d6d9570 .functor MUXZ 4, L_000001a86d681408, L_000001a86d6813c0, L_000001a86d6d97f0, C4<>;
L_000001a86d6da3d0 .functor MUXZ 4, L_000001a86d6d9570, L_000001a86d681330, L_000001a86d6da790, C4<>;
L_000001a86d6da8d0 .functor MUXZ 5, v000001a86d648a90_0, v000001a86d649350_0, v000001a86d648f90_0, C4<>;
L_000001a86d6d9390 .functor MUXZ 32, v000001a86d6481d0_0, v000001a86d648c70_0, v000001a86d648590_0, C4<>;
L_000001a86d6d9890 .part v000001a86d648bd0_0, 21, 5;
L_000001a86d6da830 .part v000001a86d648bd0_0, 16, 5;
S_000001a86d5cfa30 .scope module, "alu_inst" "alu" 3 96, 4 2 0, S_000001a86d5cf8a0;
 .timescale 0 0;
    .port_info 0 /INPUT 32 "A";
    .port_info 1 /INPUT 32 "B";
    .port_info 2 /INPUT 4 "ALUControl";
    .port_info 3 /OUTPUT 32 "Result";
    .port_info 4 /OUTPUT 1 "Zero";
P_000001a86d5cfbc0 .param/l "ALU_ADD" 1 4 13, C4<0010>;
P_000001a86d5cfbf8 .param/l "ALU_AND" 1 4 11, C4<0000>;
P_000001a86d5cfc30 .param/l "ALU_NOR" 1 4 16, C4<1100>;
P_000001a86d5cfc68 .param/l "ALU_OR" 1 4 12, C4<0001>;
P_000001a86d5cfca0 .param/l "ALU_SLT" 1 4 15, C4<0111>;
P_000001a86d5cfcd8 .param/l "ALU_SUB" 1 4 14, C4<0110>;
v000001a86d60b1d0_0 .net "A", 31 0, L_000001a86d6da6f0;  alias, 1 drivers
v000001a86d60bbd0_0 .net "ALUControl", 3 0, L_000001a86d6da3d0;  alias, 1 drivers
v000001a86d60bd10_0 .net "B", 31 0, L_000001a86d6dafb0;  alias, 1 drivers
v000001a86d60c210_0 .var "Result", 31 0;
v000001a86d60b3b0_0 .net "Zero", 0 0, L_000001a86d6da470;  alias, 1 drivers
L_000001a86d681450 .functor BUFT 1, C4<00000000000000000000000000000000>, C4<0>, C4<0>, C4<0>;
v000001a86d60c0d0_0 .net/2u *"_ivl_0", 31 0, L_000001a86d681450;  1 drivers
E_000001a86d61b0e0 .event anyedge, v000001a86d60bbd0_0, v000001a86d60b1d0_0, v000001a86d60bd10_0;
L_000001a86d6da470 .cmp/eq 32, v000001a86d60c210_0, L_000001a86d681450;
S_000001a86d5ecd70 .scope module, "ctrl" "control_unit" 3 66, 5 2 0, S_000001a86d5cf8a0;
 .timescale 0 0;
    .port_info 0 /INPUT 6 "opcode";
    .port_info 1 /OUTPUT 1 "RegDst";
    .port_info 2 /OUTPUT 1 "ALUSrc";
    .port_info 3 /OUTPUT 1 "MemtoReg";
    .port_info 4 /OUTPUT 1 "RegWrite";
    .port_info 5 /OUTPUT 1 "MemRead";
    .port_info 6 /OUTPUT 1 "MemWrite";
    .port_info 7 /OUTPUT 1 "Branch";
    .port_info 8 /OUTPUT 1 "ALUOp1";
    .port_info 9 /OUTPUT 1 "ALUOp0";
    .port_info 10 /OUTPUT 1 "Jump";
P_000001a86d6202f0 .param/l "ADDI" 1 5 21, C4<001000>;
P_000001a86d620328 .param/l "BEQ" 1 5 20, C4<000100>;
P_000001a86d620360 .param/l "JUMP" 1 5 22, C4<000010>;
P_000001a86d620398 .param/l "LW" 1 5 18, C4<100011>;
P_000001a86d6203d0 .param/l "R_TYPE" 1 5 17, C4<000000>;
P_000001a86d620408 .param/l "SW" 1 5 19, C4<101011>;
v000001a86d60a9b0_0 .var "ALUOp0", 0 0;
v000001a86d60aa50_0 .var "ALUOp1", 0 0;
v000001a86d60aaf0_0 .var "ALUSrc", 0 0;
v000001a86d60a370_0 .var "Branch", 0 0;
v000001a86d60a5f0_0 .var "Jump", 0 0;
v000001a86d60bdb0_0 .var "MemRead", 0 0;
v000001a86d60a4b0_0 .var "MemWrite", 0 0;
v000001a86d60ae10_0 .var "MemtoReg", 0 0;
v000001a86d60b590_0 .var "RegDst", 0 0;
v000001a86d60bef0_0 .var "RegWrite", 0 0;
v000001a86d60b090_0 .net "opcode", 5 0, L_000001a86d6da510;  1 drivers
E_000001a86d61a5a0 .event anyedge, v000001a86d60b090_0;
S_000001a86d5ecf00 .scope module, "d_mem" "data_memory" 3 111, 6 2 0, S_000001a86d5cf8a0;
 .timescale 0 0;
    .port_info 0 /INPUT 1 "clk";
    .port_info 1 /INPUT 1 "MemRead";
    .port_info 2 /INPUT 1 "MemWrite";
    .port_info 3 /INPUT 32 "address";
    .port_info 4 /INPUT 32 "WriteData";
    .port_info 5 /OUTPUT 32 "ReadData";
v000001a86d60b770_0 .net "MemRead", 0 0, v000001a86d6038f0_0;  alias, 1 drivers
v000001a86d60ba90_0 .net "MemWrite", 0 0, v000001a86d6471b0_0;  alias, 1 drivers
v000001a86d60ac30_0 .net "ReadData", 31 0, L_000001a86d6d9930;  alias, 1 drivers
v000001a86d60c170_0 .net "WriteData", 31 0, v000001a86d645e50_0;  alias, 1 drivers
v000001a86d60a550_0 .net *"_ivl_0", 31 0, L_000001a86d6d9110;  1 drivers
v000001a86d60b450_0 .net *"_ivl_3", 9 0, L_000001a86d6d91b0;  1 drivers
v000001a86d60aff0_0 .net *"_ivl_4", 11 0, L_000001a86d6d92f0;  1 drivers
L_000001a86d681498 .functor BUFT 1, C4<00>, C4<0>, C4<0>, C4<0>;
v000001a86d60a690_0 .net *"_ivl_7", 1 0, L_000001a86d681498;  1 drivers
L_000001a86d6814e0 .functor BUFT 1, C4<xxxxxxxxxxxxxxxxxxxxxxxxxxxxxxxx>, C4<0>, C4<0>, C4<0>;
v000001a86d60b130_0 .net *"_ivl_8", 31 0, L_000001a86d6814e0;  1 drivers
v000001a86d60b270_0 .net "address", 31 0, v000001a86d60b810_0;  alias, 1 drivers
v000001a86d60b630_0 .net "clk", 0 0, v000001a86d64daf0_0;  alias, 1 drivers
v000001a86d60a410 .array "mem", 1023 0, 31 0;
E_000001a86d61b0a0 .event posedge, v000001a86d60b630_0;
L_000001a86d6d9110 .array/port v000001a86d60a410, L_000001a86d6d92f0;
L_000001a86d6d91b0 .part v000001a86d60b810_0, 2, 10;
L_000001a86d6d92f0 .concat [ 10 2 0 0], L_000001a86d6d91b0, L_000001a86d681498;
L_000001a86d6d9930 .functor MUXZ 32, L_000001a86d6814e0, L_000001a86d6d9110, v000001a86d6038f0_0, C4<>;
S_000001a86d5d67d0 .scope module, "ex_mem_reg" "ex_mem_register" 3 102, 7 2 0, S_000001a86d5cf8a0;
 .timescale 0 0;
    .port_info 0 /INPUT 1 "clk";
    .port_info 1 /INPUT 1 "rst";
    .port_info 2 /INPUT 1 "RegWrite_EX";
    .port_info 3 /INPUT 1 "MemtoReg_EX";
    .port_info 4 /INPUT 1 "MemRead_EX";
    .port_info 5 /INPUT 1 "MemWrite_EX";
    .port_info 6 /INPUT 1 "Branch_EX";
    .port_info 7 /INPUT 32 "ALUResult_EX";
    .port_info 8 /INPUT 32 "ReadData2_EX";
    .port_info 9 /INPUT 5 "WriteReg_EX";
    .port_info 10 /INPUT 1 "Zero_EX";
    .port_info 11 /OUTPUT 1 "RegWrite_MEM";
    .port_info 12 /OUTPUT 1 "MemtoReg_MEM";
    .port_info 13 /OUTPUT 1 "MemRead_MEM";
    .port_info 14 /OUTPUT 1 "MemWrite_MEM";
    .port_info 15 /OUTPUT 1 "Branch_MEM";
    .port_info 16 /OUTPUT 32 "ALUResult_MEM";
    .port_info 17 /OUTPUT 32 "StoreData_MEM";
    .port_info 18 /OUTPUT 5 "WriteReg_MEM";
    .port_info 19 /OUTPUT 1 "Zero_MEM";
v000001a86d60a870_0 .net "ALUResult_EX", 31 0, v000001a86d60c210_0;  alias, 1 drivers
v000001a86d60b810_0 .var "ALUResult_MEM", 31 0;
v000001a86d60b950_0 .net "Branch_EX", 0 0, v000001a86d60a370_0;  alias, 1 drivers
v000001a86d603490_0 .var "Branch_MEM", 0 0;
v000001a86d603850_0 .net "MemRead_EX", 0 0, v000001a86d6465d0_0;  alias, 1 drivers
v000001a86d6038f0_0 .var "MemRead_MEM", 0 0;
v000001a86d647430_0 .net "MemWrite_EX", 0 0, v000001a86d646670_0;  alias, 1 drivers
v000001a86d6471b0_0 .var "MemWrite_MEM", 0 0;
v000001a86d646e90_0 .net "MemtoReg_EX", 0 0, v000001a86d646850_0;  alias, 1 drivers
v000001a86d646d50_0 .var "MemtoReg_MEM", 0 0;
v000001a86d646fd0_0 .net "ReadData2_EX", 31 0, L_000001a86d6d9c50;  alias, 1 drivers
v000001a86d646a30_0 .net "RegWrite_EX", 0 0, v000001a86d648ef0_0;  alias, 1 drivers
v000001a86d647750_0 .var "RegWrite_MEM", 0 0;
v000001a86d645e50_0 .var "StoreData_MEM", 31 0;
v000001a86d647930_0 .net "WriteReg_EX", 4 0, L_000001a86d6da8d0;  alias, 1 drivers
v000001a86d646df0_0 .var "WriteReg_MEM", 4 0;
v000001a86d646f30_0 .net "Zero_EX", 0 0, L_000001a86d6da470;  alias, 1 drivers
v000001a86d647b10_0 .var "Zero_MEM", 0 0;
v000001a86d6477f0_0 .net "clk", 0 0, v000001a86d64daf0_0;  alias, 1 drivers
v000001a86d646990_0 .net "rst", 0 0, v000001a86d64db90_0;  alias, 1 drivers
E_000001a86d61b120 .event posedge, v000001a86d646990_0, v000001a86d60b630_0;
S_000001a86d647e10 .scope module, "forward_unit" "forwarding_unit" 3 133, 8 2 0, S_000001a86d5cf8a0;
 .timescale 0 0;
    .port_info 0 /INPUT 1 "RegWrite_MEM";
    .port_info 1 /INPUT 1 "RegWrite_WB";
    .port_info 2 /INPUT 5 "Rs_EX";
    .port_info 3 /INPUT 5 "Rt_EX";
    .port_info 4 /INPUT 5 "WriteReg_MEM";
    .port_info 5 /INPUT 5 "WriteReg_WB";
    .port_info 6 /OUTPUT 2 "ForwardA";
    .port_info 7 /OUTPUT 2 "ForwardB";
v000001a86d6479d0_0 .var "ForwardA", 1 0;
v000001a86d645f90_0 .var "ForwardB", 1 0;
v000001a86d647890_0 .net "RegWrite_MEM", 0 0, v000001a86d647750_0;  alias, 1 drivers
v000001a86d646ad0_0 .net "RegWrite_WB", 0 0, v000001a86d649530_0;  alias, 1 drivers
v000001a86d646490_0 .net "Rs_EX", 4 0, v000001a86d6490d0_0;  alias, 1 drivers
v000001a86d646030_0 .net "Rt_EX", 4 0, v000001a86d648a90_0;  alias, 1 drivers
v000001a86d647a70_0 .net "WriteReg_MEM", 4 0, v000001a86d646df0_0;  alias, 1 drivers
v000001a86d647070_0 .net "WriteReg_WB", 4 0, v000001a86d649670_0;  alias, 1 drivers
E_000001a86d61a620/0 .event anyedge, v000001a86d647750_0, v000001a86d646df0_0, v000001a86d646490_0, v000001a86d646030_0;
E_000001a86d61a620/1 .event anyedge, v000001a86d646ad0_0, v000001a86d647070_0, v000001a86d6479d0_0, v000001a86d645f90_0;
E_000001a86d61a620 .event/or E_000001a86d61a620/0, E_000001a86d61a620/1;
S_000001a86d5d6960 .scope module, "hazard_unit" "hazard_detection_unit" 3 128, 9 2 0, S_000001a86d5cf8a0;
 .timescale 0 0;
    .port_info 0 /INPUT 5 "Rs_ID";
    .port_info 1 /INPUT 5 "Rt_ID";
    .port_info 2 /INPUT 1 "MemRead_EX";
    .port_info 3 /INPUT 5 "Rt_EX";
    .port_info 4 /INPUT 1 "Branch_ID";
    .port_info 5 /INPUT 1 "Jump_ID";
    .port_info 6 /OUTPUT 1 "PCWrite";
    .port_info 7 /OUTPUT 1 "IF_ID_Write";
    .port_info 8 /OUTPUT 1 "ID_EX_Flush";
v000001a86d6476b0_0 .net "Branch_ID", 0 0, v000001a86d60a370_0;  alias, 1 drivers
v000001a86d6468f0_0 .var "ID_EX_Flush", 0 0;
v000001a86d647110_0 .var "IF_ID_Write", 0 0;
v000001a86d647bb0_0 .net "Jump_ID", 0 0, v000001a86d60a5f0_0;  alias, 1 drivers
v000001a86d646b70_0 .net "MemRead_EX", 0 0, v000001a86d6465d0_0;  alias, 1 drivers
v000001a86d647390_0 .var "PCWrite", 0 0;
v000001a86d647570_0 .net "Rs_ID", 4 0, L_000001a86d6d9890;  1 drivers
v000001a86d647250_0 .net "Rt_EX", 4 0, v000001a86d648a90_0;  alias, 1 drivers
v000001a86d647c50_0 .net "Rt_ID", 4 0, L_000001a86d6da830;  1 drivers
E_000001a86d61a6e0 .event anyedge, v000001a86d603850_0, v000001a86d646030_0, v000001a86d647570_0, v000001a86d647c50_0;
S_000001a86d5c8e50 .scope module, "i_mem" "instruction_memory" 3 56, 10 2 0, S_000001a86d5cf8a0;
 .timescale 0 0;
    .port_info 0 /INPUT 32 "address";
    .port_info 1 /OUTPUT 32 "instruction";
L_000001a86d5f9be0 .functor BUFZ 32, L_000001a86d64de10, C4<00000000000000000000000000000000>, C4<00000000000000000000000000000000>, C4<00000000000000000000000000000000>;
v000001a86d6463f0_0 .net *"_ivl_0", 31 0, L_000001a86d64de10;  1 drivers
v000001a86d647610_0 .net *"_ivl_3", 9 0, L_000001a86d6dad30;  1 drivers
v000001a86d6474d0_0 .net *"_ivl_4", 11 0, L_000001a86d6d96b0;  1 drivers
L_000001a86d6810f0 .functor BUFT 1, C4<00>, C4<0>, C4<0>, C4<0>;
v000001a86d647cf0_0 .net *"_ivl_7", 1 0, L_000001a86d6810f0;  1 drivers
v000001a86d645ef0_0 .net "address", 31 0, v000001a86d649c10_0;  alias, 1 drivers
v000001a86d646170_0 .net "instruction", 31 0, L_000001a86d5f9be0;  alias, 1 drivers
v000001a86d6460d0 .array "mem", 1023 0, 31 0;
L_000001a86d64de10 .array/port v000001a86d6460d0, L_000001a86d6d96b0;
L_000001a86d6dad30 .part v000001a86d649c10_0, 2, 10;
L_000001a86d6d96b0 .concat [ 10 2 0 0], L_000001a86d6dad30, L_000001a86d6810f0;
S_000001a86d5c8fe0 .scope module, "id_ex_reg" "id_ex_register" 3 79, 11 2 0, S_000001a86d5cf8a0;
 .timescale 0 0;
    .port_info 0 /INPUT 1 "clk";
    .port_info 1 /INPUT 1 "rst";
    .port_info 2 /INPUT 1 "ID_EX_Flush";
    .port_info 3 /INPUT 1 "RegWrite_ID";
    .port_info 4 /INPUT 1 "MemtoReg_ID";
    .port_info 5 /INPUT 1 "MemRead_ID";
    .port_info 6 /INPUT 1 "MemWrite_ID";
    .port_info 7 /INPUT 2 "ALUOp_ID";
    .port_info 8 /INPUT 1 "ALUSrc_ID";
    .port_info 9 /INPUT 1 "RegDst_ID";
    .port_info 10 /INPUT 32 "PC_ID";
    .port_info 11 /INPUT 32 "ReadData1_ID";
    .port_info 12 /INPUT 32 "ReadData2_ID";
    .port_info 13 /INPUT 32 "SignExtended_ID";
    .port_info 14 /INPUT 5 "Rs_ID";
    .port_info 15 /INPUT 5 "Rt_ID";
    .port_info 16 /INPUT 5 "Rd_ID";
    .port_info 17 /OUTPUT 1 "RegWrite_EX";
    .port_info 18 /OUTPUT 1 "MemtoReg_EX";
    .port_info 19 /OUTPUT 1 "MemRead_EX";
    .port_info 20 /OUTPUT 1 "MemWrite_EX";
    .port_info 21 /OUTPUT 2 "ALUOp_EX";
    .port_info 22 /OUTPUT 1 "ALUSrc_EX";
    .port_info 23 /OUTPUT 1 "RegDst_EX";
    .port_info 24 /OUTPUT 32 "PC_EX";
    .port_info 25 /OUTPUT 32 "ReadData1_EX";
    .port_info 26 /OUTPUT 32 "ReadData2_EX";
    .port_info 27 /OUTPUT 32 "SignExtended_EX";
    .port_info 28 /OUTPUT 5 "Rs_EX";
    .port_info 29 /OUTPUT 5 "Rt_EX";
    .port_info 30 /OUTPUT 5 "Rd_EX";
v000001a86d646210_0 .var "ALUOp_EX", 1 0;
v000001a86d6467b0_0 .net "ALUOp_ID", 1 0, L_000001a86d6dadd0;  alias, 1 drivers
v000001a86d6462b0_0 .var "ALUSrc_EX", 0 0;
v000001a86d646350_0 .net "ALUSrc_ID", 0 0, v000001a86d60aaf0_0;  alias, 1 drivers
v000001a86d646530_0 .net "ID_EX_Flush", 0 0, v000001a86d6468f0_0;  alias, 1 drivers
v000001a86d6465d0_0 .var "MemRead_EX", 0 0;
v000001a86d646c10_0 .net "MemRead_ID", 0 0, v000001a86d60bdb0_0;  alias, 1 drivers
v000001a86d646670_0 .var "MemWrite_EX", 0 0;
v000001a86d646710_0 .net "MemWrite_ID", 0 0, v000001a86d60a4b0_0;  alias, 1 drivers
v000001a86d646850_0 .var "MemtoReg_EX", 0 0;
v000001a86d646cb0_0 .net "MemtoReg_ID", 0 0, v000001a86d60ae10_0;  alias, 1 drivers
v000001a86d6488b0_0 .var "PC_EX", 31 0;
v000001a86d648db0_0 .net "PC_ID", 31 0, v000001a86d6493f0_0;  alias, 1 drivers
v000001a86d649350_0 .var "Rd_EX", 4 0;
v000001a86d647ff0_0 .net "Rd_ID", 4 0, L_000001a86d6d9bb0;  1 drivers
v000001a86d648e50_0 .var "ReadData1_EX", 31 0;
v000001a86d649d50_0 .net "ReadData1_ID", 31 0, L_000001a86d5f9cc0;  alias, 1 drivers
v000001a86d649cb0_0 .var "ReadData2_EX", 31 0;
v000001a86d649a30_0 .net "ReadData2_ID", 31 0, L_000001a86d5f9da0;  alias, 1 drivers
v000001a86d648f90_0 .var "RegDst_EX", 0 0;
v000001a86d648310_0 .net "RegDst_ID", 0 0, v000001a86d60b590_0;  alias, 1 drivers
v000001a86d648ef0_0 .var "RegWrite_EX", 0 0;
v000001a86d649030_0 .net "RegWrite_ID", 0 0, v000001a86d60bef0_0;  alias, 1 drivers
v000001a86d6490d0_0 .var "Rs_EX", 4 0;
v000001a86d648b30_0 .net "Rs_ID", 4 0, L_000001a86d6dab50;  1 drivers
v000001a86d648a90_0 .var "Rt_EX", 4 0;
v000001a86d649170_0 .net "Rt_ID", 4 0, L_000001a86d6dae70;  1 drivers
v000001a86d6486d0_0 .var "SignExtended_EX", 31 0;
v000001a86d649df0_0 .net "SignExtended_ID", 31 0, L_000001a86d6d94d0;  alias, 1 drivers
v000001a86d649e90_0 .net "clk", 0 0, v000001a86d64daf0_0;  alias, 1 drivers
v000001a86d648090_0 .net "rst", 0 0, v000001a86d64db90_0;  alias, 1 drivers
S_000001a86d5c4300 .scope module, "if_id_reg" "if_id_register" 3 59, 12 2 0, S_000001a86d5cf8a0;
 .timescale 0 0;
    .port_info 0 /INPUT 1 "clk";
    .port_info 1 /INPUT 1 "rst";
    .port_info 2 /INPUT 1 "IF_ID_Write";
    .port_info 3 /INPUT 1 "IF_ID_Flush";
    .port_info 4 /INPUT 32 "PC_IF";
    .port_info 5 /INPUT 32 "Instruction_IF";
    .port_info 6 /OUTPUT 32 "PC_ID";
    .port_info 7 /OUTPUT 32 "Instruction_ID";
v000001a86d648130_0 .net "IF_ID_Flush", 0 0, L_000001a86d5f9550;  alias, 1 drivers
v000001a86d649210_0 .net "IF_ID_Write", 0 0, v000001a86d647110_0;  alias, 1 drivers
v000001a86d648bd0_0 .var "Instruction_ID", 31 0;
v000001a86d6492b0_0 .net "Instruction_IF", 31 0, L_000001a86d5f9be0;  alias, 1 drivers
v000001a86d6493f0_0 .var "PC_ID", 31 0;
v000001a86d6497b0_0 .net "PC_IF", 31 0, L_000001a86d64dc30;  alias, 1 drivers
v000001a86d649490_0 .net "clk", 0 0, v000001a86d64daf0_0;  alias, 1 drivers
v000001a86d649ad0_0 .net "rst", 0 0, v000001a86d64db90_0;  alias, 1 drivers
S_000001a86d5c3c00 .scope module, "mem_wb_reg" "mem_wb_register" 3 117, 13 2 0, S_000001a86d5cf8a0;
 .timescale 0 0;
    .port_info 0 /INPUT 1 "clk";
    .port_info 1 /INPUT 1 "rst";
    .port_info 2 /INPUT 1 "RegWrite_MEM";
    .port_info 3 /INPUT 1 "MemtoReg_MEM";
    .port_info 4 /INPUT 32 "ReadData_MEM";
    .port_info 5 /INPUT 32 "ALUResult_MEM";
    .port_info 6 /INPUT 5 "WriteReg_MEM";
    .port_info 7 /OUTPUT 1 "RegWrite_WB";
    .port_info 8 /OUTPUT 1 "MemtoReg_WB";
    .port_info 9 /OUTPUT 32 "ReadData_WB";
    .port_info 10 /OUTPUT 32 "ALUResult_WB";
    .port_info 11 /OUTPUT 5 "WriteReg_WB";
v000001a86d649850_0 .net "ALUResult_MEM", 31 0, v000001a86d60b810_0;  alias, 1 drivers
v000001a86d6481d0_0 .var "ALUResult_WB", 31 0;
v000001a86d648d10_0 .net "MemtoReg_MEM", 0 0, v000001a86d646d50_0;  alias, 1 drivers
v000001a86d648590_0 .var "MemtoReg_WB", 0 0;
v000001a86d649710_0 .net "ReadData_MEM", 31 0, L_000001a86d6d9930;  alias, 1 drivers
v000001a86d648c70_0 .var "ReadData_WB", 31 0;
v000001a86d648270_0 .net "RegWrite_MEM", 0 0, v000001a86d647750_0;  alias, 1 drivers
v000001a86d649530_0 .var "RegWrite_WB", 0 0;
v000001a86d6495d0_0 .net "WriteReg_MEM", 4 0, v000001a86d646df0_0;  alias, 1 drivers
v000001a86d649670_0 .var "WriteReg_WB", 4 0;
v000001a86d6484f0_0 .net "clk", 0 0, v000001a86d64daf0_0;  alias, 1 drivers
v000001a86d6498f0_0 .net "rst", 0 0, v000001a86d64db90_0;  alias, 1 drivers
S_000001a86d5c3d90 .scope module, "pc_reg" "program_counter" 3 55, 14 2 0, S_000001a86d5cf8a0;
 .timescale 0 0;
    .port_info 0 /INPUT 1 "clk";
    .port_info 1 /INPUT 1 "rst";
    .port_info 2 /INPUT 32 "next_pc";
    .port_info 3 /OUTPUT 32 "current_pc";
v000001a86d649990_0 .net "clk", 0 0, v000001a86d64daf0_0;  alias, 1 drivers
v000001a86d649c10_0 .var "current_pc", 31 0;
v000001a86d648950_0 .net "next_pc", 31 0, L_000001a86d64c470;  alias, 1 drivers
v000001a86d6483b0_0 .net "rst", 0 0, v000001a86d64db90_0;  alias, 1 drivers
S_000001a86d5b6440 .scope module, "reg_file" "register_file" 3 71, 15 2 0, S_000001a86d5cf8a0;
 .timescale 0 0;
    .port_info 0 /INPUT 1 "clk";
    .port_info 1 /INPUT 1 "RegWrite";
    .port_info 2 /INPUT 5 "ReadRegister1";
    .port_info 3 /INPUT 5 "ReadRegister2";
    .port_info 4 /INPUT 5 "WriteRegister";
    .port_info 5 /INPUT 32 "WriteData";
    .port_info 6 /OUTPUT 32 "ReadData1";
    .port_info 7 /OUTPUT 32 "ReadData2";
L_000001a86d5f9cc0 .functor BUFZ 32, L_000001a86d6d9ed0, C4<00000000000000000000000000000000>, C4<00000000000000000000000000000000>, C4<00000000000000000000000000000000>;
L_000001a86d5f9da0 .functor BUFZ 32, L_000001a86d6d9b10, C4<00000000000000000000000000000000>, C4<00000000000000000000000000000000>, C4<00000000000000000000000000000000>;
v000001a86d648450_0 .net "ReadData1", 31 0, L_000001a86d5f9cc0;  alias, 1 drivers
v000001a86d648630_0 .net "ReadData2", 31 0, L_000001a86d5f9da0;  alias, 1 drivers
v000001a86d648770_0 .net "ReadRegister1", 4 0, L_000001a86d6dac90;  1 drivers
v000001a86d649b70_0 .net "ReadRegister2", 4 0, L_000001a86d6d9cf0;  1 drivers
v000001a86d648810_0 .net "RegWrite", 0 0, v000001a86d649530_0;  alias, 1 drivers
v000001a86d6489f0_0 .net "WriteData", 31 0, L_000001a86d6d9390;  alias, 1 drivers
v000001a86d64bcc0_0 .net "WriteRegister", 4 0, v000001a86d649670_0;  alias, 1 drivers
v000001a86d64ad20_0 .net *"_ivl_0", 31 0, L_000001a86d6d9ed0;  1 drivers
v000001a86d64a5a0_0 .net *"_ivl_10", 6 0, L_000001a86d6da5b0;  1 drivers
L_000001a86d681180 .functor BUFT 1, C4<00>, C4<0>, C4<0>, C4<0>;
v000001a86d64a6e0_0 .net *"_ivl_13", 1 0, L_000001a86d681180;  1 drivers
v000001a86d64a820_0 .net *"_ivl_2", 6 0, L_000001a86d6da970;  1 drivers
L_000001a86d681138 .functor BUFT 1, C4<00>, C4<0>, C4<0>, C4<0>;
v000001a86d64b400_0 .net *"_ivl_5", 1 0, L_000001a86d681138;  1 drivers
v000001a86d64afa0_0 .net *"_ivl_8", 31 0, L_000001a86d6d9b10;  1 drivers
v000001a86d64a0a0_0 .net "clk", 0 0, v000001a86d64daf0_0;  alias, 1 drivers
v000001a86d64aa00_0 .var/i "i", 31 0;
v000001a86d64b0e0 .array "registers", 31 0, 31 0;
L_000001a86d6d9ed0 .array/port v000001a86d64b0e0, L_000001a86d6da970;
L_000001a86d6da970 .concat [ 5 2 0 0], L_000001a86d6dac90, L_000001a86d681138;
L_000001a86d6d9b10 .array/port v000001a86d64b0e0, L_000001a86d6da5b0;
L_000001a86d6da5b0 .concat [ 5 2 0 0], L_000001a86d6d9cf0, L_000001a86d681180;
    .scope S_000001a86d5c3d90;
T_0 ;
    %wait E_000001a86d61b120;
    %load/vec4 v000001a86d6483b0_0;
    %flag_set/vec4 8;
    %jmp/0xz  T_0.0, 8;
    %pushi/vec4 0, 0, 32;
    %assign/vec4 v000001a86d649c10_0, 0;
    %jmp T_0.1;
T_0.0 ;
    %load/vec4 v000001a86d648950_0;
    %assign/vec4 v000001a86d649c10_0, 0;
T_0.1 ;
    %jmp T_0;
    .thread T_0;
    .scope S_000001a86d5c8e50;
T_1 ;
    %vpi_call 10 12 "$readmemh", "instructions.mem", v000001a86d6460d0 {0 0 0};
    %end;
    .thread T_1;
    .scope S_000001a86d5c4300;
T_2 ;
    %wait E_000001a86d61b120;
    %load/vec4 v000001a86d649ad0_0;
    %flag_set/vec4 8;
    %jmp/1 T_2.2, 8;
    %load/vec4 v000001a86d648130_0;
    %flag_set/vec4 9;
    %flag_or 8, 9;
T_2.2;
    %jmp/0xz  T_2.0, 8;
    %pushi/vec4 0, 0, 32;
    %assign/vec4 v000001a86d6493f0_0, 0;
    %pushi/vec4 0, 0, 32;
    %assign/vec4 v000001a86d648bd0_0, 0;
    %jmp T_2.1;
T_2.0 ;
    %load/vec4 v000001a86d649210_0;
    %flag_set/vec4 8;
    %jmp/0xz  T_2.3, 8;
    %load/vec4 v000001a86d6497b0_0;
    %assign/vec4 v000001a86d6493f0_0, 0;
    %load/vec4 v000001a86d6492b0_0;
    %assign/vec4 v000001a86d648bd0_0, 0;
T_2.3 ;
T_2.1 ;
    %jmp T_2;
    .thread T_2;
    .scope S_000001a86d5ecd70;
T_3 ;
    %wait E_000001a86d61a5a0;
    %pushi/vec4 0, 0, 1;
    %store/vec4 v000001a86d60b590_0, 0, 1;
    %pushi/vec4 0, 0, 1;
    %store/vec4 v000001a86d60aaf0_0, 0, 1;
    %pushi/vec4 0, 0, 1;
    %store/vec4 v000001a86d60ae10_0, 0, 1;
    %pushi/vec4 0, 0, 1;
    %store/vec4 v000001a86d60bef0_0, 0, 1;
    %pushi/vec4 0, 0, 1;
    %store/vec4 v000001a86d60bdb0_0, 0, 1;
    %pushi/vec4 0, 0, 1;
    %store/vec4 v000001a86d60a4b0_0, 0, 1;
    %pushi/vec4 0, 0, 1;
    %store/vec4 v000001a86d60a370_0, 0, 1;
    %pushi/vec4 0, 0, 2;
    %split/vec4 1;
    %store/vec4 v000001a86d60a9b0_0, 0, 1;
    %store/vec4 v000001a86d60aa50_0, 0, 1;
    %pushi/vec4 0, 0, 1;
    %store/vec4 v000001a86d60a5f0_0, 0, 1;
    %load/vec4 v000001a86d60b090_0;
    %dup/vec4;
    %pushi/vec4 0, 0, 6;
    %cmp/u;
    %jmp/1 T_3.0, 6;
    %dup/vec4;
    %pushi/vec4 35, 0, 6;
    %cmp/u;
    %jmp/1 T_3.1, 6;
    %dup/vec4;
    %pushi/vec4 43, 0, 6;
    %cmp/u;
    %jmp/1 T_3.2, 6;
    %dup/vec4;
    %pushi/vec4 4, 0, 6;
    %cmp/u;
    %jmp/1 T_3.3, 6;
    %dup/vec4;
    %pushi/vec4 8, 0, 6;
    %cmp/u;
    %jmp/1 T_3.4, 6;
    %dup/vec4;
    %pushi/vec4 2, 0, 6;
    %cmp/u;
    %jmp/1 T_3.5, 6;
    %jmp T_3.7;
T_3.0 ;
    %pushi/vec4 1, 0, 1;
    %store/vec4 v000001a86d60b590_0, 0, 1;
    %pushi/vec4 1, 0, 1;
    %store/vec4 v000001a86d60bef0_0, 0, 1;
    %pushi/vec4 2, 0, 2;
    %split/vec4 1;
    %store/vec4 v000001a86d60a9b0_0, 0, 1;
    %store/vec4 v000001a86d60aa50_0, 0, 1;
    %jmp T_3.7;
T_3.1 ;
    %pushi/vec4 1, 0, 1;
    %store/vec4 v000001a86d60aaf0_0, 0, 1;
    %pushi/vec4 1, 0, 1;
    %store/vec4 v000001a86d60ae10_0, 0, 1;
    %pushi/vec4 1, 0, 1;
    %store/vec4 v000001a86d60bef0_0, 0, 1;
    %pushi/vec4 1, 0, 1;
    %store/vec4 v000001a86d60bdb0_0, 0, 1;
    %pushi/vec4 0, 0, 2;
    %split/vec4 1;
    %store/vec4 v000001a86d60a9b0_0, 0, 1;
    %store/vec4 v000001a86d60aa50_0, 0, 1;
    %jmp T_3.7;
T_3.2 ;
    %pushi/vec4 1, 0, 1;
    %store/vec4 v000001a86d60aaf0_0, 0, 1;
    %pushi/vec4 1, 0, 1;
    %store/vec4 v000001a86d60a4b0_0, 0, 1;
    %pushi/vec4 0, 0, 2;
    %split/vec4 1;
    %store/vec4 v000001a86d60a9b0_0, 0, 1;
    %store/vec4 v000001a86d60aa50_0, 0, 1;
    %jmp T_3.7;
T_3.3 ;
    %pushi/vec4 1, 0, 1;
    %store/vec4 v000001a86d60a370_0, 0, 1;
    %pushi/vec4 1, 0, 2;
    %split/vec4 1;
    %store/vec4 v000001a86d60a9b0_0, 0, 1;
    %store/vec4 v000001a86d60aa50_0, 0, 1;
    %jmp T_3.7;
T_3.4 ;
    %pushi/vec4 1, 0, 1;
    %store/vec4 v000001a86d60aaf0_0, 0, 1;
    %pushi/vec4 1, 0, 1;
    %store/vec4 v000001a86d60bef0_0, 0, 1;
    %pushi/vec4 0, 0, 2;
    %split/vec4 1;
    %store/vec4 v000001a86d60a9b0_0, 0, 1;
    %store/vec4 v000001a86d60aa50_0, 0, 1;
    %jmp T_3.7;
T_3.5 ;
    %pushi/vec4 1, 0, 1;
    %store/vec4 v000001a86d60a5f0_0, 0, 1;
    %jmp T_3.7;
T_3.7 ;
    %pop/vec4 1;
    %jmp T_3;
    .thread T_3, $push;
    .scope S_000001a86d5b6440;
T_4 ;
    %wait E_000001a86d61b0a0;
    %load/vec4 v000001a86d648810_0;
    %flag_set/vec4 9;
    %flag_get/vec4 9;
    %jmp/0 T_4.2, 9;
    %load/vec4 v000001a86d64bcc0_0;
    %pushi/vec4 0, 0, 5;
    %cmp/ne;
    %flag_get/vec4 4;
    %and;
T_4.2;
    %flag_set/vec4 8;
    %jmp/0xz  T_4.0, 8;
    %load/vec4 v000001a86d6489f0_0;
    %load/vec4 v000001a86d64bcc0_0;
    %pad/u 7;
    %ix/vec4 3;
    %ix/load 4, 0, 0; Constant delay
    %assign/vec4/a/d v000001a86d64b0e0, 0, 4;
T_4.0 ;
    %jmp T_4;
    .thread T_4;
    .scope S_000001a86d5b6440;
T_5 ;
    %pushi/vec4 0, 0, 32;
    %store/vec4 v000001a86d64aa00_0, 0, 32;
T_5.0 ;
    %load/vec4 v000001a86d64aa00_0;
    %cmpi/s 32, 0, 32;
    %jmp/0xz T_5.1, 5;
    %pushi/vec4 0, 0, 32;
    %ix/getv/s 4, v000001a86d64aa00_0;
    %store/vec4a v000001a86d64b0e0, 4, 0;
    %load/vec4 v000001a86d64aa00_0;
    %addi 1, 0, 32;
    %store/vec4 v000001a86d64aa00_0, 0, 32;
    %jmp T_5.0;
T_5.1 ;
    %end;
    .thread T_5;
    .scope S_000001a86d5c8fe0;
T_6 ;
    %wait E_000001a86d61b120;
    %load/vec4 v000001a86d648090_0;
    %flag_set/vec4 8;
    %jmp/1 T_6.2, 8;
    %load/vec4 v000001a86d646530_0;
    %flag_set/vec4 9;
    %flag_or 8, 9;
T_6.2;
    %jmp/0xz  T_6.0, 8;
    %pushi/vec4 0, 0, 1;
    %assign/vec4 v000001a86d648ef0_0, 0;
    %pushi/vec4 0, 0, 1;
    %assign/vec4 v000001a86d646850_0, 0;
    %pushi/vec4 0, 0, 1;
    %assign/vec4 v000001a86d6465d0_0, 0;
    %pushi/vec4 0, 0, 1;
    %assign/vec4 v000001a86d646670_0, 0;
    %pushi/vec4 0, 0, 2;
    %assign/vec4 v000001a86d646210_0, 0;
    %pushi/vec4 0, 0, 1;
    %assign/vec4 v000001a86d6462b0_0, 0;
    %pushi/vec4 0, 0, 1;
    %assign/vec4 v000001a86d648f90_0, 0;
    %pushi/vec4 0, 0, 32;
    %assign/vec4 v000001a86d6488b0_0, 0;
    %pushi/vec4 0, 0, 32;
    %assign/vec4 v000001a86d648e50_0, 0;
    %pushi/vec4 0, 0, 32;
    %assign/vec4 v000001a86d649cb0_0, 0;
    %pushi/vec4 0, 0, 32;
    %assign/vec4 v000001a86d6486d0_0, 0;
    %pushi/vec4 0, 0, 5;
    %assign/vec4 v000001a86d6490d0_0, 0;
    %pushi/vec4 0, 0, 5;
    %assign/vec4 v000001a86d648a90_0, 0;
    %pushi/vec4 0, 0, 5;
    %assign/vec4 v000001a86d649350_0, 0;
    %jmp T_6.1;
T_6.0 ;
    %load/vec4 v000001a86d649030_0;
    %assign/vec4 v000001a86d648ef0_0, 0;
    %load/vec4 v000001a86d646cb0_0;
    %assign/vec4 v000001a86d646850_0, 0;
    %load/vec4 v000001a86d646c10_0;
    %assign/vec4 v000001a86d6465d0_0, 0;
    %load/vec4 v000001a86d646710_0;
    %assign/vec4 v000001a86d646670_0, 0;
    %load/vec4 v000001a86d6467b0_0;
    %assign/vec4 v000001a86d646210_0, 0;
    %load/vec4 v000001a86d646350_0;
    %assign/vec4 v000001a86d6462b0_0, 0;
    %load/vec4 v000001a86d648310_0;
    %assign/vec4 v000001a86d648f90_0, 0;
    %load/vec4 v000001a86d648db0_0;
    %assign/vec4 v000001a86d6488b0_0, 0;
    %load/vec4 v000001a86d649d50_0;
    %assign/vec4 v000001a86d648e50_0, 0;
    %load/vec4 v000001a86d649a30_0;
    %assign/vec4 v000001a86d649cb0_0, 0;
    %load/vec4 v000001a86d649df0_0;
    %assign/vec4 v000001a86d6486d0_0, 0;
    %load/vec4 v000001a86d648b30_0;
    %assign/vec4 v000001a86d6490d0_0, 0;
    %load/vec4 v000001a86d649170_0;
    %assign/vec4 v000001a86d648a90_0, 0;
    %load/vec4 v000001a86d647ff0_0;
    %assign/vec4 v000001a86d649350_0, 0;
T_6.1 ;
    %jmp T_6;
    .thread T_6;
    .scope S_000001a86d5cfa30;
T_7 ;
    %wait E_000001a86d61b0e0;
    %load/vec4 v000001a86d60bbd0_0;
    %dup/vec4;
    %pushi/vec4 0, 0, 4;
    %cmp/u;
    %jmp/1 T_7.0, 6;
    %dup/vec4;
    %pushi/vec4 1, 0, 4;
    %cmp/u;
    %jmp/1 T_7.1, 6;
    %dup/vec4;
    %pushi/vec4 2, 0, 4;
    %cmp/u;
    %jmp/1 T_7.2, 6;
    %dup/vec4;
    %pushi/vec4 6, 0, 4;
    %cmp/u;
    %jmp/1 T_7.3, 6;
    %dup/vec4;
    %pushi/vec4 7, 0, 4;
    %cmp/u;
    %jmp/1 T_7.4, 6;
    %dup/vec4;
    %pushi/vec4 12, 0, 4;
    %cmp/u;
    %jmp/1 T_7.5, 6;
    %pushi/vec4 4294967295, 4294967295, 32;
    %store/vec4 v000001a86d60c210_0, 0, 32;
    %jmp T_7.7;
T_7.0 ;
    %load/vec4 v000001a86d60b1d0_0;
    %load/vec4 v000001a86d60bd10_0;
    %and;
    %store/vec4 v000001a86d60c210_0, 0, 32;
    %jmp T_7.7;
T_7.1 ;
    %load/vec4 v000001a86d60b1d0_0;
    %load/vec4 v000001a86d60bd10_0;
    %or;
    %store/vec4 v000001a86d60c210_0, 0, 32;
    %jmp T_7.7;
T_7.2 ;
    %load/vec4 v000001a86d60b1d0_0;
    %load/vec4 v000001a86d60bd10_0;
    %add;
    %store/vec4 v000001a86d60c210_0, 0, 32;
    %jmp T_7.7;
T_7.3 ;
    %load/vec4 v000001a86d60b1d0_0;
    %load/vec4 v000001a86d60bd10_0;
    %sub;
    %store/vec4 v000001a86d60c210_0, 0, 32;
    %jmp T_7.7;
T_7.4 ;
    %load/vec4 v000001a86d60b1d0_0;
    %load/vec4 v000001a86d60bd10_0;
    %cmp/u;
    %flag_mov 8, 5;
    %jmp/0 T_7.8, 8;
    %pushi/vec4 1, 0, 32;
    %jmp/1 T_7.9, 8;
T_7.8 ; End of true expr.
    %pushi/vec4 0, 0, 32;
    %jmp/0 T_7.9, 8;
 ; End of false expr.
    %blend;
T_7.9;
    %store/vec4 v000001a86d60c210_0, 0, 32;
    %jmp T_7.7;
T_7.5 ;
    %load/vec4 v000001a86d60b1d0_0;
    %load/vec4 v000001a86d60bd10_0;
    %or;
    %inv;
    %store/vec4 v000001a86d60c210_0, 0, 32;
    %jmp T_7.7;
T_7.7 ;
    %pop/vec4 1;
    %jmp T_7;
    .thread T_7, $push;
    .scope S_000001a86d5d67d0;
T_8 ;
    %wait E_000001a86d61b120;
    %load/vec4 v000001a86d646990_0;
    %flag_set/vec4 8;
    %jmp/0xz  T_8.0, 8;
    %pushi/vec4 0, 0, 1;
    %assign/vec4 v000001a86d647750_0, 0;
    %pushi/vec4 0, 0, 1;
    %assign/vec4 v000001a86d646d50_0, 0;
    %pushi/vec4 0, 0, 1;
    %assign/vec4 v000001a86d6038f0_0, 0;
    %pushi/vec4 0, 0, 1;
    %assign/vec4 v000001a86d6471b0_0, 0;
    %pushi/vec4 0, 0, 1;
    %assign/vec4 v000001a86d603490_0, 0;
    %pushi/vec4 0, 0, 32;
    %assign/vec4 v000001a86d60b810_0, 0;
    %pushi/vec4 0, 0, 32;
    %assign/vec4 v000001a86d645e50_0, 0;
    %pushi/vec4 0, 0, 5;
    %assign/vec4 v000001a86d646df0_0, 0;
    %pushi/vec4 0, 0, 1;
    %assign/vec4 v000001a86d647b10_0, 0;
    %jmp T_8.1;
T_8.0 ;
    %load/vec4 v000001a86d646a30_0;
    %assign/vec4 v000001a86d647750_0, 0;
    %load/vec4 v000001a86d646e90_0;
    %assign/vec4 v000001a86d646d50_0, 0;
    %load/vec4 v000001a86d603850_0;
    %assign/vec4 v000001a86d6038f0_0, 0;
    %load/vec4 v000001a86d647430_0;
    %assign/vec4 v000001a86d6471b0_0, 0;
    %load/vec4 v000001a86d60b950_0;
    %assign/vec4 v000001a86d603490_0, 0;
    %load/vec4 v000001a86d60a870_0;
    %assign/vec4 v000001a86d60b810_0, 0;
    %load/vec4 v000001a86d646fd0_0;
    %assign/vec4 v000001a86d645e50_0, 0;
    %load/vec4 v000001a86d647930_0;
    %assign/vec4 v000001a86d646df0_0, 0;
    %load/vec4 v000001a86d646f30_0;
    %assign/vec4 v000001a86d647b10_0, 0;
T_8.1 ;
    %jmp T_8;
    .thread T_8;
    .scope S_000001a86d5ecf00;
T_9 ;
    %wait E_000001a86d61b0a0;
    %load/vec4 v000001a86d60ba90_0;
    %flag_set/vec4 8;
    %jmp/0xz  T_9.0, 8;
    %load/vec4 v000001a86d60c170_0;
    %load/vec4 v000001a86d60b270_0;
    %parti/s 10, 2, 3;
    %pad/u 12;
    %ix/vec4 3;
    %ix/load 4, 0, 0; Constant delay
    %assign/vec4/a/d v000001a86d60a410, 0, 4;
T_9.0 ;
    %jmp T_9;
    .thread T_9;
    .scope S_000001a86d5c3c00;
T_10 ;
    %wait E_000001a86d61b120;
    %load/vec4 v000001a86d6498f0_0;
    %flag_set/vec4 8;
    %jmp/0xz  T_10.0, 8;
    %pushi/vec4 0, 0, 1;
    %assign/vec4 v000001a86d649530_0, 0;
    %pushi/vec4 0, 0, 1;
    %assign/vec4 v000001a86d648590_0, 0;
    %pushi/vec4 0, 0, 32;
    %assign/vec4 v000001a86d648c70_0, 0;
    %pushi/vec4 0, 0, 32;
    %assign/vec4 v000001a86d6481d0_0, 0;
    %pushi/vec4 0, 0, 5;
    %assign/vec4 v000001a86d649670_0, 0;
    %jmp T_10.1;
T_10.0 ;
    %load/vec4 v000001a86d648270_0;
    %assign/vec4 v000001a86d649530_0, 0;
    %load/vec4 v000001a86d648d10_0;
    %assign/vec4 v000001a86d648590_0, 0;
    %load/vec4 v000001a86d649710_0;
    %assign/vec4 v000001a86d648c70_0, 0;
    %load/vec4 v000001a86d649850_0;
    %assign/vec4 v000001a86d6481d0_0, 0;
    %load/vec4 v000001a86d6495d0_0;
    %assign/vec4 v000001a86d649670_0, 0;
T_10.1 ;
    %jmp T_10;
    .thread T_10;
    .scope S_000001a86d5d6960;
T_11 ;
    %wait E_000001a86d61a6e0;
    %pushi/vec4 1, 0, 1;
    %store/vec4 v000001a86d647390_0, 0, 1;
    %pushi/vec4 1, 0, 1;
    %store/vec4 v000001a86d647110_0, 0, 1;
    %pushi/vec4 0, 0, 1;
    %store/vec4 v000001a86d6468f0_0, 0, 1;
    %load/vec4 v000001a86d646b70_0;
    %flag_set/vec4 9;
    %flag_get/vec4 9;
    %jmp/0 T_11.2, 9;
    %load/vec4 v000001a86d647250_0;
    %load/vec4 v000001a86d647570_0;
    %cmp/e;
    %flag_get/vec4 4;
    %jmp/1 T_11.3, 4;
    %load/vec4 v000001a86d647250_0;
    %load/vec4 v000001a86d647c50_0;
    %cmp/e;
    %flag_get/vec4 4;
    %or;
T_11.3;
    %and;
T_11.2;
    %flag_set/vec4 8;
    %jmp/0xz  T_11.0, 8;
    %pushi/vec4 0, 0, 1;
    %store/vec4 v000001a86d647390_0, 0, 1;
    %pushi/vec4 0, 0, 1;
    %store/vec4 v000001a86d647110_0, 0, 1;
    %pushi/vec4 1, 0, 1;
    %store/vec4 v000001a86d6468f0_0, 0, 1;
T_11.0 ;
    %jmp T_11;
    .thread T_11, $push;
    .scope S_000001a86d647e10;
T_12 ;
    %wait E_000001a86d61a620;
    %pushi/vec4 0, 0, 2;
    %store/vec4 v000001a86d6479d0_0, 0, 2;
    %pushi/vec4 0, 0, 2;
    %store/vec4 v000001a86d645f90_0, 0, 2;
    %load/vec4 v000001a86d647890_0;
    %flag_set/vec4 10;
    %flag_get/vec4 10;
    %jmp/0 T_12.3, 10;
    %load/vec4 v000001a86d647a70_0;
    %pushi/vec4 0, 0, 5;
    %cmp/ne;
    %flag_get/vec4 4;
    %and;
T_12.3;
    %flag_set/vec4 9;
    %flag_get/vec4 9;
    %jmp/0 T_12.2, 9;
    %load/vec4 v000001a86d647a70_0;
    %load/vec4 v000001a86d646490_0;
    %cmp/e;
    %flag_get/vec4 4;
    %and;
T_12.2;
    %flag_set/vec4 8;
    %jmp/0xz  T_12.0, 8;
    %pushi/vec4 1, 0, 2;
    %store/vec4 v000001a86d6479d0_0, 0, 2;
T_12.0 ;
    %load/vec4 v000001a86d647890_0;
    %flag_set/vec4 10;
    %flag_get/vec4 10;
    %jmp/0 T_12.7, 10;
    %load/vec4 v000001a86d647a70_0;
    %pushi/vec4 0, 0, 5;
    %cmp/ne;
    %flag_get/vec4 4;
    %and;
T_12.7;
    %flag_set/vec4 9;
    %flag_get/vec4 9;
    %jmp/0 T_12.6, 9;
    %load/vec4 v000001a86d647a70_0;
    %load/vec4 v000001a86d646030_0;
    %cmp/e;
    %flag_get/vec4 4;
    %and;
T_12.6;
    %flag_set/vec4 8;
    %jmp/0xz  T_12.4, 8;
    %pushi/vec4 1, 0, 2;
    %store/vec4 v000001a86d645f90_0, 0, 2;
T_12.4 ;
    %load/vec4 v000001a86d646ad0_0;
    %flag_set/vec4 11;
    %flag_get/vec4 11;
    %jmp/0 T_12.12, 11;
    %load/vec4 v000001a86d647070_0;
    %pushi/vec4 0, 0, 5;
    %cmp/ne;
    %flag_get/vec4 4;
    %and;
T_12.12;
    %flag_set/vec4 10;
    %flag_get/vec4 10;
    %jmp/0 T_12.11, 10;
    %load/vec4 v000001a86d647070_0;
    %load/vec4 v000001a86d646490_0;
    %cmp/e;
    %flag_get/vec4 4;
    %and;
T_12.11;
    %flag_set/vec4 9;
    %flag_get/vec4 9;
    %jmp/0 T_12.10, 9;
    %load/vec4 v000001a86d6479d0_0;
    %pushi/vec4 0, 0, 2;
    %cmp/e;
    %flag_get/vec4 4;
    %and;
T_12.10;
    %flag_set/vec4 8;
    %jmp/0xz  T_12.8, 8;
    %pushi/vec4 2, 0, 2;
    %store/vec4 v000001a86d6479d0_0, 0, 2;
T_12.8 ;
    %load/vec4 v000001a86d646ad0_0;
    %flag_set/vec4 11;
    %flag_get/vec4 11;
    %jmp/0 T_12.17, 11;
    %load/vec4 v000001a86d647070_0;
    %pushi/vec4 0, 0, 5;
    %cmp/ne;
    %flag_get/vec4 4;
    %and;
T_12.17;
    %flag_set/vec4 10;
    %flag_get/vec4 10;
    %jmp/0 T_12.16, 10;
    %load/vec4 v000001a86d647070_0;
    %load/vec4 v000001a86d646030_0;
    %cmp/e;
    %flag_get/vec4 4;
    %and;
T_12.16;
    %flag_set/vec4 9;
    %flag_get/vec4 9;
    %jmp/0 T_12.15, 9;
    %load/vec4 v000001a86d645f90_0;
    %pushi/vec4 0, 0, 2;
    %cmp/e;
    %flag_get/vec4 4;
    %and;
T_12.15;
    %flag_set/vec4 8;
    %jmp/0xz  T_12.13, 8;
    %pushi/vec4 2, 0, 2;
    %store/vec4 v000001a86d645f90_0, 0, 2;
T_12.13 ;
    %jmp T_12;
    .thread T_12, $push;
    .scope S_000001a86d61d500;
T_13 ;
    %pushi/vec4 0, 0, 1;
    %store/vec4 v000001a86d64daf0_0, 0, 1;
T_13.0 ;
    %delay 5000, 0;
    %load/vec4 v000001a86d64daf0_0;
    %inv;
    %store/vec4 v000001a86d64daf0_0, 0, 1;
    %jmp T_13.0;
    %end;
    .thread T_13;
    .scope S_000001a86d61d500;
T_14 ;
    %pushi/vec4 1, 0, 1;
    %store/vec4 v000001a86d64db90_0, 0, 1;
    %delay 15000, 0;
    %pushi/vec4 0, 0, 1;
    %store/vec4 v000001a86d64db90_0, 0, 1;
    %delay 200000, 0;
    %vpi_call 2 39 "$display", "-------------------------------------------------" {0 0 0};
    %vpi_call 2 40 "$display", "Simulation Finished." {0 0 0};
    %vpi_call 2 41 "$finish" {0 0 0};
    %end;
    .thread T_14;
    .scope S_000001a86d61d500;
T_15 ;
    %vpi_call 2 48 "$display", "--- MIPS Processor Simulation Start ---" {0 0 0};
    %vpi_call 2 49 "$display", "Time(ns)  PC         $t0(R8)  $t1(R9)  $t2(R10) $t3(R11) $t4(R12)" {0 0 0};
    %vpi_call 2 50 "$display", "----------------------------------------------------------------------" {0 0 0};
    %vpi_call 2 55 "$monitor", "%0t       %0h   %d        %d        %d        %d        %d", $time, v000001a86d64b4a0_0, &A<v000001a86d64b0e0, 8>, &A<v000001a86d64b0e0, 9>, &A<v000001a86d64b0e0, 10>, &A<v000001a86d64b0e0, 11>, &A<v000001a86d64b0e0, 12> {0 0 0};
    %end;
    .thread T_15;
    .scope S_000001a86d61d500;
T_16 ;
    %vpi_call 2 61 "$dumpfile", "dump.vcd" {0 0 0};
    %vpi_call 2 62 "$dumpvars", 32'sb00000000000000000000000000000000 {0 0 0};
    %end;
    .thread T_16;
# The file index is used to find the file name in the following table.
:file_names 16;
    "N/A";
    "<interactive>";
    "mips_simulation_tb.v";
    "./mips_pipelined_processor.v";
    "./alu.v";
    "./control_unit.v";
    "./data_memory.v";
    "./ex_mem_register.v";
    "./forwarding_unit.v";
    "./hazard_detection_unit.v";
    "./instruction_memory.v";
    "./id_ex_register.v";
    "./if_id_register.v";
    "./mem_wb_register.v";
    "./program_counter.v";
    "./register_file.v";
